05:43:38 V089 start
V089: 98 beats, 92 slides, est 16:27
storyboards: 1 written, 0 up to date, 0 failed
V089: 121 clips, 121 rendered (5819 frames) in 143 s, 32.1 MB
V089: V089.mp4  15:20  68.2 MB  1920x1080 30/1 fps h264/aac  video 919.762 s, audio 919.767 s  faststart=yes  animated  OK  (built in 256 s)
drafts: 1 built, 0 up to date, 0 with problems
05:50:28 V090 start
V090: 95 beats, 87 slides, est 17:10
storyboards: 1 written, 0 up to date, 0 failed
V090: 123 clips, 123 rendered (4831 frames) in 165 s, 31.7 MB
V090: V090.mp4  16:26  73.1 MB  1920x1080 30/1 fps h264/aac  video 986.390 s, audio 986.400 s  faststart=yes  animated  OK  (built in 240 s)
drafts: 1 built, 0 up to date, 0 with problems
05:57:31 V091 start
V091: 95 beats, 85 slides, est 15:16
storyboards: 1 written, 0 up to date, 0 failed
V091: 101 clips, 101 rendered (3884 frames) in 131 s, 27.1 MB
V091: V091.mp4  14:50  67.4 MB  1920x1080 30/1 fps h264/aac  video 890.495 s, audio 890.500 s  faststart=yes  animated  OK  (built in 216 s)
drafts: 1 built, 0 up to date, 0 with problems
06:03:44 V092 start
V092: 93 beats, 85 slides, est 15:50
storyboards: 1 written, 0 up to date, 0 failed
