14:02:25 V003 start
V003: 99 clips, 99 rendered (4218 frames) in 69 s, 24.1 MB
V003: V003.mp4  15:53  68.8 MB  1920x1080 30/1 fps h264/aac  video 952.660 s, audio 952.667 s  faststart=yes  animated  OK  (built in 229 s)
drafts: 1 built, 0 up to date, 0 with problems
14:07:23 queue finished: V003
14:07:33 V002 start
V002: 93 clips, 93 rendered (3310 frames) in 60 s, 24.9 MB
V002: V002.mp4  20:03  87.7 MB  1920x1080 30/1 fps h264/aac  video 1202.529 s, audio 1202.533 s  faststart=yes  animated  OK  (built in 257 s)
drafts: 1 built, 0 up to date, 0 with problems
14:12:50 V004 start
V004: 85 clips, 85 rendered (2738 frames) in 45 s, 19.9 MB
V004: V004.mp4  13:31  56.0 MB  1920x1080 30/1 fps h264/aac  video 811.396 s, audio 811.400 s  faststart=yes  animated  OK  (built in 168 s)
drafts: 1 built, 0 up to date, 0 with problems
14:16:23 V005 start
V005: 99 clips, 99 rendered (3140 frames) in 48 s, 22.7 MB
V005: V005.mp4  15:27  67.4 MB  1920x1080 30/1 fps h264/aac  video 927.128 s, audio 927.133 s  faststart=yes  animated  OK  (built in 189 s)
drafts: 1 built, 0 up to date, 0 with problems
14:20:21 V006 start
V006: 85 clips, 85 rendered (3361 frames) in 53 s, 21.6 MB
V006: V006.mp4  15:47  70.4 MB  1920x1080 30/1 fps h264/aac  video 947.297 s, audio 947.300 s  faststart=yes  animated  OK  (built in 188 s)
drafts: 1 built, 0 up to date, 0 with problems
14:24:22 V008 start
V008: 105 clips, 105 rendered (3791 frames) in 59 s, 26.4 MB
V008: V008.mp4  16:12  72.4 MB  1920x1080 30/1 fps h264/aac  video 972.126 s, audio 972.133 s  faststart=yes  animated  OK  (built in 190 s)
drafts: 1 built, 0 up to date, 0 with problems
14:28:32 V009 start
V009: 97 clips, 97 rendered (4017 frames) in 62 s, 23.0 MB
V009: V009.mp4  16:13  70.2 MB  1920x1080 30/1 fps h264/aac  video 972.960 s, audio 972.967 s  faststart=yes  animated  OK  (built in 196 s)
drafts: 1 built, 0 up to date, 0 with problems
14:32:50 V010 start
V010: 91 clips, 91 rendered (3952 frames) in 62 s, 23.9 MB
V010: V010.mp4  15:28  66.4 MB  1920x1080 30/1 fps h264/aac  video 928.261 s, audio 928.267 s  faststart=yes  animated  OK  (built in 192 s)
drafts: 1 built, 0 up to date, 0 with problems
14:37:04 V011 start
V011: 86 clips, 86 rendered (3821 frames) in 65 s, 25.4 MB
V011: V011.mp4  15:40  71.0 MB  1920x1080 30/1 fps h264/aac  video 940.463 s, audio 940.467 s  faststart=yes  animated  OK  (built in 188 s)
drafts: 1 built, 0 up to date, 0 with problems
14:41:17 V012 start
V012: 101 clips, 101 rendered (4360 frames) in 67 s, 25.3 MB
V012: V012.mp4  18:15  80.5 MB  1920x1080 30/1 fps h264/aac  video 1095.160 s, audio 1095.167 s  faststart=yes  animated  OK  (built in 213 s)
drafts: 1 built, 0 up to date, 0 with problems
14:45:58 V013 start
V013: 101 clips, 101 rendered (4538 frames) in 76 s, 27.0 MB
V013: V013.mp4  17:05  72.8 MB  1920x1080 30/1 fps h264/aac  video 1024.791 s, audio 1024.800 s  faststart=yes  animated  OK  (built in 259 s)
drafts: 1 built, 0 up to date, 0 with problems
14:51:33 V014 start
V014: 112 clips, 112 rendered (5143 frames) in 86 s, 31.2 MB
V014: V014.mp4  19:22  86.1 MB  1920x1080 30/1 fps h264/aac  video 1161.594 s, audio 1161.600 s  faststart=yes  animated  OK  (built in 262 s)
drafts: 1 built, 0 up to date, 0 with problems
14:57:23 V015 start
V015: 81 clips, 81 rendered (3725 frames) in 69 s, 22.5 MB
V015: V015.mp4  13:59  62.4 MB  1920x1080 30/1 fps h264/aac  video 838.628 s, audio 838.633 s  faststart=yes  animated  OK  (built in 222 s)
drafts: 1 built, 0 up to date, 0 with problems
15:02:14 V016 start
V016: 106 clips, 106 rendered (4493 frames) in 85 s, 28.4 MB
V016: V016.mp4  17:34  74.8 MB  1920x1080 30/1 fps h264/aac  video 1053.694 s, audio 1053.700 s  faststart=yes  animated  OK  (built in 255 s)
drafts: 1 built, 0 up to date, 0 with problems
15:07:55 V017 start
V017: 107 clips, 107 rendered (5011 frames) in 82 s, 29.8 MB
V017: FAILED: say failed: 
drafts: 0 built, 0 up to date, 1 with problems
15:27:31 V017 NOT OK
15:27:31 V018 start
V018: 108 clips, 108 rendered (5190 frames) in 86 s, 30.3 MB
V018: V018.mp4  18:50  83.1 MB  1920x1080 30/1 fps h264/aac  video 1130.194 s, audio 1130.200 s  faststart=yes  animated  OK  (built in 287 s)
drafts: 1 built, 0 up to date, 0 with problems
15:33:45 V019 start
V019: 98 clips, 98 rendered (4164 frames) in 76 s, 25.4 MB
V019: V019.mp4  15:46  70.2 MB  1920x1080 30/1 fps h264/aac  video 945.662 s, audio 945.667 s  faststart=yes  animated  OK  (built in 256 s)
drafts: 1 built, 0 up to date, 0 with problems
15:39:18 V020 start
V020: 107 clips, 107 rendered (4451 frames) in 79 s, 26.2 MB
V020: V020.mp4  16:18  68.5 MB  1920x1080 30/1 fps h264/aac  video 977.693 s, audio 977.700 s  faststart=yes  animated  OK  (built in 239 s)
drafts: 1 built, 0 up to date, 0 with problems
15:44:36 V021 start
V021: 94 clips, 94 rendered (4489 frames) in 77 s, 26.1 MB
V021: V021.mp4  16:36  72.5 MB  1920x1080 30/1 fps h264/aac  video 995.794 s, audio 995.800 s  faststart=yes  animated  OK  (built in 225 s)
drafts: 1 built, 0 up to date, 0 with problems
15:49:39 V022 start
V022: 91 clips, 91 rendered (3822 frames) in 71 s, 23.7 MB
V022: V022.mp4  14:34  60.0 MB  1920x1080 30/1 fps h264/aac  video 874.029 s, audio 874.033 s  faststart=yes  animated  OK  (built in 205 s)
drafts: 1 built, 0 up to date, 0 with problems
15:54:16 V023 start
V023: 84 clips, 84 rendered (3816 frames) in 65 s, 22.9 MB
V023: V023.mp4  16:02  66.9 MB  1920x1080 30/1 fps h264/aac  video 962.062 s, audio 962.067 s  faststart=yes  animated  OK  (built in 266 s)
drafts: 1 built, 0 up to date, 0 with problems
15:59:47 V024 start
V024: 85 clips, 85 rendered (3443 frames) in 62 s, 21.5 MB
V024: V024.mp4  14:21  60.0 MB  1920x1080 30/1 fps h264/aac  video 860.930 s, audio 860.933 s  faststart=yes  animated  OK  (built in 174 s)
drafts: 1 built, 0 up to date, 0 with problems
16:03:43 V025 start
V025: 91 clips, 91 rendered (4185 frames) in 77 s, 22.4 MB
16:08:15 V002 start
V002: 93 clips, 93 rendered (3310 frames) in 58 s, 24.9 MB
V002: V002.mp4  20:03  87.7 MB  1920x1080 30/1 fps h264/aac  video 1202.529 s, audio 1202.533 s  faststart=yes  animated  OK  (built in 244 s)
drafts: 1 built, 0 up to date, 0 with problems
16:13:18 V003 start
V003: 99 clips, 99 rendered (4230 frames) in 80 s, 24.1 MB
V003: V003.mp4  15:53  68.8 MB  1920x1080 30/1 fps h264/aac  video 952.660 s, audio 952.667 s  faststart=yes  animated  OK  (built in 204 s)
drafts: 1 built, 0 up to date, 0 with problems
16:18:03 V004 start
V004: 85 clips, 85 rendered (2738 frames) in 54 s, 19.9 MB
V004: V004.mp4  13:31  56.0 MB  1920x1080 30/1 fps h264/aac  video 811.396 s, audio 811.400 s  faststart=yes  animated  OK  (built in 156 s)
drafts: 1 built, 0 up to date, 0 with problems
16:21:33 V005 start
V005: 99 clips, 99 rendered (3150 frames) in 53 s, 22.8 MB
V005: V005.mp4  15:27  67.4 MB  1920x1080 30/1 fps h264/aac  video 927.128 s, audio 927.133 s  faststart=yes  animated  OK  (built in 160 s)
drafts: 1 built, 0 up to date, 0 with problems
16:25:07 V006 start
V006: 85 clips, 85 rendered (3368 frames) in 54 s, 21.7 MB
V006: V006.mp4  15:47  70.3 MB  1920x1080 30/1 fps h264/aac  video 947.297 s, audio 947.300 s  faststart=yes  animated  OK  (built in 162 s)
drafts: 1 built, 0 up to date, 0 with problems
16:28:43 V008 start
V008: 105 clips, 105 rendered (3791 frames) in 61 s, 26.4 MB
V008: V008.mp4  16:12  72.4 MB  1920x1080 30/1 fps h264/aac  video 972.126 s, audio 972.133 s  faststart=yes  animated  OK  (built in 144 s)
drafts: 1 built, 0 up to date, 0 with problems
16:32:09 V009 start
V009: 98 clips, 98 rendered (4062 frames) in 66 s, 23.1 MB
V009: V009.mp4  16:13  70.2 MB  1920x1080 30/1 fps h264/aac  video 972.959 s, audio 972.967 s  faststart=yes  animated  OK  (built in 156 s)
drafts: 1 built, 0 up to date, 0 with problems
16:35:52 V010 start
V010: 91 clips, 91 rendered (3962 frames) in 63 s, 24.0 MB
V010: V010.mp4  15:28  66.4 MB  1920x1080 30/1 fps h264/aac  video 928.261 s, audio 928.267 s  faststart=yes  animated  OK  (built in 160 s)
drafts: 1 built, 0 up to date, 0 with problems
16:39:36 V011 start
V011: 88 clips, 88 rendered (3958 frames) in 66 s, 26.2 MB
V011: V011.mp4  15:40  70.9 MB  1920x1080 30/1 fps h264/aac  video 940.462 s, audio 940.467 s  faststart=yes  animated  OK  (built in 158 s)
drafts: 1 built, 0 up to date, 0 with problems
16:43:21 V012 start
V012: 101 clips, 101 rendered (4372 frames) in 74 s, 25.3 MB
V012: V012.mp4  18:15  80.4 MB  1920x1080 30/1 fps h264/aac  video 1095.160 s, audio 1095.167 s  faststart=yes  animated  OK  (built in 189 s)
drafts: 1 built, 0 up to date, 0 with problems
16:47:44 V013 start
V013: 101 clips, 101 rendered (4538 frames) in 80 s, 27.0 MB
V013: V013.mp4  17:05  72.8 MB  1920x1080 30/1 fps h264/aac  video 1024.791 s, audio 1024.800 s  faststart=yes  animated  OK  (built in 251 s)
drafts: 1 built, 0 up to date, 0 with problems
16:53:16 V014 start
V014: 111 clips, 111 rendered (5227 frames) in 98 s, 31.6 MB
V014: V014.mp4  19:22  85.0 MB  1920x1080 30/1 fps h264/aac  video 1161.594 s, audio 1161.600 s  faststart=yes  animated  OK  (built in 214 s)
drafts: 1 built, 0 up to date, 0 with problems
16:58:29 V015 start
V015: 81 clips, 81 rendered (3725 frames) in 65 s, 22.5 MB
V015: V015.mp4  13:59  62.4 MB  1920x1080 30/1 fps h264/aac  video 838.628 s, audio 838.633 s  faststart=yes  animated  OK  (built in 149 s)
drafts: 1 built, 0 up to date, 0 with problems
17:02:04 V016 start
V016: 106 clips, 106 rendered (4493 frames) in 72 s, 28.4 MB
V016: V016.mp4  17:34  74.8 MB  1920x1080 30/1 fps h264/aac  video 1053.694 s, audio 1053.700 s  faststart=yes  animated  OK  (built in 174 s)
drafts: 1 built, 0 up to date, 0 with problems
17:06:10 V017 start
V017: 107 clips, 107 rendered (5011 frames) in 71 s, 29.8 MB
V017: V017.mp4  18:08  82.0 MB  1920x1080 30/1 fps h264/aac  video 1088.058 s, audio 1088.067 s  faststart=yes  animated  OK  (built in 164 s)
drafts: 1 built, 0 up to date, 0 with problems
17:10:06 V018 start
V018: 108 clips, 108 rendered (5190 frames) in 75 s, 30.3 MB
V018: V018.mp4  18:50  83.1 MB  1920x1080 30/1 fps h264/aac  video 1130.194 s, audio 1130.200 s  faststart=yes  animated  OK  (built in 167 s)
drafts: 1 built, 0 up to date, 0 with problems
17:14:08 V019 start
V019: 98 clips, 98 rendered (4356 frames) in 70 s, 26.6 MB
V019: V019.mp4  15:46  69.6 MB  1920x1080 30/1 fps h264/aac  video 945.662 s, audio 945.667 s  faststart=yes  animated  OK  (built in 144 s)
drafts: 1 built, 0 up to date, 0 with problems
17:17:43 V020 start
V020: 106 clips, 106 rendered (4427 frames) in 66 s, 26.4 MB
V020: V020.mp4  16:18  67.8 MB  1920x1080 30/1 fps h264/aac  video 977.693 s, audio 977.700 s  faststart=yes  animated  OK  (built in 158 s)
drafts: 1 built, 0 up to date, 0 with problems
17:21:27 V021 start
V021: 94 clips, 94 rendered (4540 frames) in 71 s, 26.1 MB
V021: V021.mp4  16:36  72.5 MB  1920x1080 30/1 fps h264/aac  video 995.796 s, audio 995.800 s  faststart=yes  animated  OK  (built in 151 s)
drafts: 1 built, 0 up to date, 0 with problems
17:25:10 V022 start
V022: 91 clips, 91 rendered (3870 frames) in 62 s, 23.8 MB
V022: V022.mp4  14:34  60.1 MB  1920x1080 30/1 fps h264/aac  video 874.029 s, audio 874.033 s  faststart=yes  animated  OK  (built in 127 s)
drafts: 1 built, 0 up to date, 0 with problems
17:28:19 V023 start
V023: 84 clips, 84 rendered (3827 frames) in 60 s, 22.8 MB
V023: V023.mp4  16:02  66.9 MB  1920x1080 30/1 fps h264/aac  video 962.062 s, audio 962.067 s  faststart=yes  animated  OK  (built in 141 s)
drafts: 1 built, 0 up to date, 0 with problems
17:31:40 V024 start
V024: 85 clips, 0 rendered (0 frames) in 0 s, 21.6 MB
V024: V024.mp4  14:21  60.1 MB  1920x1080 30/1 fps h264/aac  video 860.930 s, audio 860.933 s  faststart=yes  animated  OK  (built in 133 s)
drafts: 1 built, 0 up to date, 0 with problems
17:33:53 V025 start
V025: 91 clips, 91 rendered (4205 frames) in 60 s, 22.5 MB
V025: V025.mp4  15:07  60.8 MB  1920x1080 30/1 fps h264/aac  video 907.294 s, audio 907.300 s  faststart=yes  animated  OK  (built in 133 s)
drafts: 1 built, 0 up to date, 0 with problems
17:37:06 V026 start
V026: 104 clips, 104 rendered (5165 frames) in 77 s, 27.2 MB
V026: V026.mp4  16:59  69.1 MB  1920x1080 30/1 fps h264/aac  video 1018.526 s, audio 1018.533 s  faststart=yes  animated  OK  (built in 220 s)
drafts: 1 built, 0 up to date, 0 with problems
17:42:04 V027 start
V027: 106 clips, 106 rendered (4793 frames) in 77 s, 29.8 MB
V027: V027.mp4  17:11  79.5 MB  1920x1080 30/1 fps h264/aac  video 1031.291 s, audio 1031.300 s  faststart=yes  animated  OK  (built in 205 s)
drafts: 1 built, 0 up to date, 0 with problems
17:46:47 V028 start
V028: 134 clips, 134 rendered (6436 frames) in 96 s, 42.7 MB
V028: V028.mp4  20:33  96.1 MB  1920x1080 30/1 fps h264/aac  video 1233.020 s, audio 1233.033 s  faststart=yes  animated  OK  (built in 274 s)
drafts: 1 built, 0 up to date, 0 with problems
17:52:58 V029 start
V029: 79 clips, 79 rendered (2611 frames) in 48 s, 19.6 MB
V029: V029.mp4  13:00  52.9 MB  1920x1080 30/1 fps h264/aac  video 779.897 s, audio 779.900 s  faststart=yes  animated  OK  (built in 186 s)
drafts: 1 built, 0 up to date, 0 with problems
17:56:53 V031 start
V031: 97 clips, 97 rendered (3750 frames) in 64 s, 23.2 MB
V031: V031.mp4  16:29  72.3 MB  1920x1080 30/1 fps h264/aac  video 988.863 s, audio 988.867 s  faststart=yes  animated  OK  (built in 241 s)
drafts: 1 built, 0 up to date, 0 with problems
18:01:58 V032 start
V032: 92 clips, 92 rendered (3798 frames) in 64 s, 23.5 MB
V032: V032.mp4  16:10  68.9 MB  1920x1080 30/1 fps h264/aac  video 969.731 s, audio 969.733 s  faststart=yes  animated  OK  (built in 216 s)
drafts: 1 built, 0 up to date, 0 with problems
18:06:38 V033 start
V033: 96 clips, 96 rendered (4263 frames) in 76 s, 25.7 MB
V033: V033.mp4  19:18  83.7 MB  1920x1080 30/1 fps h264/aac  video 1158.465 s, audio 1158.467 s  faststart=yes  animated  OK  (built in 305 s)
drafts: 1 built, 0 up to date, 0 with problems
18:13:00 V001 start
V001: 98 clips, 98 rendered (3884 frames) in 74 s, 25.6 MB
V001: V001.mp4  18:47  89.7 MB  1920x1080 30/1 fps h264/aac  video 1127.028 s, audio 1127.033 s  faststart=yes  animated  OK  (built in 238 s)
drafts: 1 built, 0 up to date, 0 with problems
18:18:12 V007 start
V007: 94 clips, 94 rendered (4168 frames) in 82 s, 25.7 MB
V007: V007.mp4  16:26  75.9 MB  1920x1080 30/1 fps h264/aac  video 985.860 s, audio 985.867 s  faststart=yes  animated  OK  (built in 187 s)
drafts: 1 built, 0 up to date, 0 with problems
18:22:41 V030 start
V030: 98 clips, 98 rendered (4702 frames) in 74 s, 25.7 MB
V030: V030.mp4  14:58  63.3 MB  1920x1080 30/1 fps h264/aac  video 898.462 s, audio 898.467 s  faststart=yes  animated  OK  (built in 148 s)
drafts: 1 built, 0 up to date, 0 with problems
18:26:24 queue finished: V002 V003 V004 V005 V006 V008 V009 V010 V011 V012 V013 V014 V015 V016 V017 V018 V019 V020 V021 V022 V023 V024 V025 V026 V027 V028 V029 V031 V032 V033 V001 V007 V030
18:26:42 V017 start
V017: 107 clips, 9 rendered (232 frames) in 9 s, 30.6 MB
V017: V017.mp4  18:08  81.0 MB  1920x1080 30/1 fps h264/aac  video 1088.058 s, audio 1088.067 s  faststart=yes  animated  OK  (built in 211 s)
drafts: 1 built, 0 up to date, 0 with problems
18:30:23 V027 start
V027: 107 clips, 5 rendered (226 frames) in 12 s, 30.0 MB
V027: V027.mp4  17:11  79.8 MB  1920x1080 30/1 fps h264/aac  video 1031.291 s, audio 1031.300 s  faststart=yes  animated  OK  (built in 234 s)
drafts: 1 built, 0 up to date, 0 with problems
18:34:29 V029 start
V029: 80 clips, 4 rendered (201 frames) in 8 s, 19.8 MB
V029: V029.mp4  13:00  53.1 MB  1920x1080 30/1 fps h264/aac  video 779.897 s, audio 779.900 s  faststart=yes  animated  OK  (built in 158 s)
drafts: 1 built, 0 up to date, 0 with problems
18:37:16 queue finished: V017 V027 V029
