22:58:32 V034 start
V034: 112 beats, 95 slides, est 21:26
storyboards: 1 written, 0 up to date, 0 failed
V034: 123 clips, 123 rendered (5787 frames) in 172 s, 30.2 MB
V034: V034.mp4  19:46  86.6 MB  1920x1080 30/1 fps h264/aac  video 1186.224 s, audio 1186.233 s  faststart=yes  animated  OK  (built in 605 s)
drafts: 1 built, 0 up to date, 0 with problems
23:11:39 V035 start
V035: 105 beats, 91 slides, est 19:02
storyboards: 1 written, 0 up to date, 0 failed
V035: 128 clips, 128 rendered (5952 frames) in 230 s, 31.6 MB
V035: V035.mp4  17:55  80.8 MB  1920x1080 30/1 fps h264/aac  video 1074.989 s, audio 1075.000 s  faststart=yes  animated  OK  (built in 588 s)
drafts: 1 built, 0 up to date, 0 with problems
23:25:33 V036 start
V036: 108 beats, 92 slides, est 16:57
storyboards: 1 written, 0 up to date, 0 failed
    clip 462494f973679b44: no result from Chrome
    clip 826f6903cd6a3a15: no result from Chrome
V036: V036.mp4  16:16  69.9 MB  1920x1080 30/1 fps h264/aac  video 975.695 s, audio 975.700 s  faststart=yes  animated  OK  (built in 908 s)
drafts: 1 built, 0 up to date, 0 with problems
23:43:47 V037 start
V037: 116 beats, 100 slides, est 20:23
storyboards: 1 written, 0 up to date, 0 failed
V037: 124 clips, 124 rendered (5582 frames) in 228 s, 31.1 MB
V037: V037.mp4  18:37  77.4 MB  1920x1080 30/1 fps h264/aac  video 1117.396 s, audio 1117.400 s  faststart=yes  animated  OK  (built in 646 s)
drafts: 1 built, 0 up to date, 0 with problems
23:58:52 V038 start
V038: 113 beats, 99 slides, est 19:51
storyboards: 1 written, 0 up to date, 0 failed
V038: 135 clips, 135 rendered (6008 frames) in 198 s, 30.8 MB
V038: V038.mp4  19:10  81.4 MB  1920x1080 30/1 fps h264/aac  video 1149.757 s, audio 1149.767 s  faststart=yes  animated  OK  (built in 497 s)
drafts: 1 built, 0 up to date, 0 with problems
00:10:38 V039 start
V039: 98 beats, 83 slides, est 15:44
storyboards: 1 written, 0 up to date, 0 failed
V039: 109 clips, 109 rendered (4417 frames) in 208 s, 24.2 MB
V039: V039.mp4  15:11  61.9 MB  1920x1080 30/1 fps h264/aac  video 910.526 s, audio 910.533 s  faststart=yes  animated  OK  (built in 571 s)
drafts: 1 built, 0 up to date, 0 with problems
00:23:54 V040 start
V040: 101 beats, 91 slides, est 17:46
storyboards: 1 written, 0 up to date, 0 failed
V040: 118 clips, 118 rendered (5088 frames) in 253 s, 29.0 MB
V040: V040.mp4  17:28  76.5 MB  1920x1080 30/1 fps h264/aac  video 1047.761 s, audio 1047.767 s  faststart=yes  animated  OK  (built in 795 s)
drafts: 1 built, 0 up to date, 0 with problems
00:41:41 V041 start
V041: 108 beats, 94 slides, est 18:32
storyboards: 1 written, 0 up to date, 0 failed
V041: 119 clips, 119 rendered (5251 frames) in 190 s, 30.1 MB
V041: V041.mp4  18:23  79.1 MB  1920x1080 30/1 fps h264/aac  video 1102.562 s, audio 1102.567 s  faststart=yes  animated  OK  (built in 569 s)
drafts: 1 built, 0 up to date, 0 with problems
00:54:45 V042 start
V042: 104 beats, 93 slides, est 17:37
storyboards: 1 written, 0 up to date, 0 failed
V042: 117 clips, 117 rendered (5327 frames) in 159 s, 31.5 MB
V042: V042.mp4  17:42  79.3 MB  1920x1080 30/1 fps h264/aac  video 1062.060 s, audio 1062.067 s  faststart=yes  animated  OK  (built in 426 s)
drafts: 1 built, 0 up to date, 0 with problems
01:04:41 V043 start
V043: 109 beats, 99 slides, est 17:48
storyboards: 1 written, 0 up to date, 0 failed
V043: 127 clips, 127 rendered (5840 frames) in 147 s, 31.3 MB
V043: V043.mp4  17:22  74.6 MB  1920x1080 30/1 fps h264/aac  video 1041.764 s, audio 1041.767 s  faststart=yes  animated  OK  (built in 421 s)
drafts: 1 built, 0 up to date, 0 with problems
01:14:24 V044 start
V044: 108 beats, 95 slides, est 18:08
storyboards: 1 written, 0 up to date, 0 failed
V044: 120 clips, 120 rendered (5129 frames) in 139 s, 28.1 MB
V044: V044.mp4  17:26  75.9 MB  1920x1080 30/1 fps h264/aac  video 1045.493 s, audio 1045.500 s  faststart=yes  animated  OK  (built in 319 s)
drafts: 1 built, 0 up to date, 0 with problems
01:22:16 V045 start
V045: 69 beats, 58 slides, est 10:51
storyboards: 1 written, 0 up to date, 0 failed
V045: 74 clips, 74 rendered (2461 frames) in 61 s, 14.4 MB
V045: V045.mp4  10:06  38.8 MB  1920x1080 30/1 fps h264/aac  video 606.295 s, audio 606.300 s  faststart=yes  animated  OK  (built in 241 s)
drafts: 1 built, 0 up to date, 0 with problems
01:27:24 V046 start
V046: 95 beats, 83 slides, est 15:18
storyboards: 1 written, 0 up to date, 0 failed
V046: 102 clips, 102 rendered (4496 frames) in 103 s, 24.0 MB
