09:40:07 V020 re-render
V020: 106 clips, 104 rendered (4359 frames) in 74 s, 26.4 MB
09:41:27 V022 re-render
V022: 91 clips, 88 rendered (3781 frames) in 76 s, 23.8 MB
09:42:49 V025 re-render
V025: 91 clips, 88 rendered (4136 frames) in 89 s, 22.5 MB
10:46:33 round 1: failing: V020 V022 V025 V070 
10:46:33 V020 start
V020: V020.mp4  16:24  68.5 MB  1920x1080 30/1 fps h264/aac  video 983.662 s, audio 983.667 s  faststart=yes  animated  OK  (built in 277 s)
drafts: 1 built, 0 up to date, 0 with problems
10:51:11 V022 start
V022: V022.mp4  14:04  58.2 MB  1920x1080 30/1 fps h264/aac  video 844.295 s, audio 844.300 s  faststart=yes  animated  OK  (built in 172 s)
drafts: 1 built, 0 up to date, 0 with problems
10:54:03 V025 start
V025: V025.mp4  15:04  61.0 MB  1920x1080 30/1 fps h264/aac  video 904.429 s, audio 904.433 s  faststart=yes  animated  OK  (built in 201 s)
drafts: 1 built, 0 up to date, 0 with problems
10:57:24 V070 start
V070: V070.mp4  16:47  80.2 MB  1920x1080 30/1 fps h264/aac  video 1007.193 s, audio 1007.200 s  faststart=yes  animated  OK  (built in 237 s)
drafts: 1 built, 0 up to date, 0 with problems
11:41:41 round 2: failing:  
qc: 201 checked, 0 failed  -> video/production/out/QC-SUMMARY.md
12:09:39 final finished
