11:50:23 V112 start
V112: 96 beats, 84 slides, est 15:50
storyboards: 1 written, 0 up to date, 0 failed
V112: 103 clips, 0 rendered (0 frames) in 0 s, 24.3 MB
11:50:24 V113 start
V113: 98 beats, 92 slides, est 17:29
storyboards: 1 written, 0 up to date, 0 failed
V113: 124 clips, 0 rendered (0 frames) in 0 s, 30.0 MB
11:50:25 V114 start
V114: 81 beats, 70 slides, est 12:06
storyboards: 1 written, 0 up to date, 0 failed
V114: 86 clips, 86 rendered (2837 frames) in 50 s, 18.5 MB
11:51:22 V115 start
V115: 100 beats, 92 slides, est 18:24
storyboards: 1 written, 0 up to date, 0 failed
V115: 119 clips, 119 rendered (4323 frames) in 70 s, 29.6 MB
11:52:39 V116 start
V116: 94 beats, 83 slides, est 14:58
storyboards: 1 written, 0 up to date, 0 failed
V116: 90 clips, 90 rendered (3591 frames) in 63 s, 20.6 MB
11:53:49 V117 start
V117: 109 beats, 96 slides, est 20:57
storyboards: 1 written, 0 up to date, 0 failed
V117: 122 clips, 122 rendered (4218 frames) in 72 s, 28.9 MB
11:55:08 V118 start
V118: 101 beats, 94 slides, est 18:16
storyboards: 1 written, 0 up to date, 0 failed
V118: 120 clips, 120 rendered (4627 frames) in 79 s, 26.8 MB
11:56:35 V119 start
V119: 86 beats, 79 slides, est 14:35
storyboards: 1 written, 0 up to date, 0 failed
V119: 97 clips, 97 rendered (3079 frames) in 54 s, 22.1 MB
11:57:36 V120 start
V120: 115 beats, 100 slides, est 20:37
storyboards: 1 written, 0 up to date, 0 failed
V120: 128 clips, 128 rendered (5697 frames) in 97 s, 31.4 MB
11:59:20 V121 start
V121: 101 beats, 91 slides, est 18:42
storyboards: 1 written, 0 up to date, 0 failed
V121: 107 clips, 107 rendered (4066 frames) in 71 s, 29.4 MB
12:00:39 V122 start
V122: 108 beats, 96 slides, est 17:17
storyboards: 1 written, 0 up to date, 0 failed
V122: 125 clips, 125 rendered (4772 frames) in 78 s, 30.6 MB
12:02:04 V123 start
V123: 119 beats, 99 slides, est 19:22
storyboards: 1 written, 0 up to date, 0 failed
V123: 112 clips, 112 rendered (5089 frames) in 95 s, 28.8 MB
12:03:48 V124 start
V124: 107 beats, 95 slides, est 19:55
storyboards: 1 written, 0 up to date, 0 failed
V124: 122 clips, 122 rendered (4871 frames) in 97 s, 31.5 MB
12:05:33 V125 start
V125: 117 beats, 94 slides, est 18:57
storyboards: 1 written, 0 up to date, 0 failed
V125: 110 clips, 110 rendered (4552 frames) in 106 s, 29.4 MB
12:07:27 V126 start
V126: 102 beats, 87 slides, est 17:49
storyboards: 1 written, 0 up to date, 0 failed
V126: 104 clips, 104 rendered (4422 frames) in 254 s, 27.0 MB
12:11:59 V127 start
V127: 103 beats, 90 slides, est 17:50
storyboards: 1 written, 0 up to date, 0 failed
V127: 104 clips, 104 rendered (4322 frames) in 178 s, 28.0 MB
12:15:41 V128 start
V128: 101 beats, 83 slides, est 18:01
storyboards: 1 written, 0 up to date, 0 failed
V128: 98 clips, 98 rendered (4310 frames) in 124 s, 28.2 MB
12:17:54 V129 start
V129: 116 beats, 104 slides, est 21:59
storyboards: 1 written, 0 up to date, 0 failed
V129: 125 clips, 125 rendered (5091 frames) in 137 s, 32.3 MB
12:20:20 V130 start
V130: 97 beats, 86 slides, est 16:15
storyboards: 1 written, 0 up to date, 0 failed
V130: 107 clips, 107 rendered (4004 frames) in 124 s, 23.6 MB
12:22:42 V131 start
V131: 115 beats, 102 slides, est 20:50
storyboards: 1 written, 0 up to date, 0 failed
V131: 128 clips, 128 rendered (4875 frames) in 142 s, 29.2 MB
12:25:23 V132 start
V132: 114 beats, 97 slides, est 22:24
storyboards: 1 written, 0 up to date, 0 failed
V132: 114 clips, 114 rendered (4328 frames) in 105 s, 31.9 MB
12:27:28 V133 start
V133: 110 beats, 97 slides, est 21:32
storyboards: 1 written, 0 up to date, 0 failed
V133: 117 clips, 117 rendered (4015 frames) in 369 s, 28.3 MB
12:33:47 V134 start
V134: 111 beats, 102 slides, est 23:45
storyboards: 1 written, 0 up to date, 0 failed
Traceback (most recent call last):
  File "/Users/apple/git-mastery/tools/video_slides.py", line 442, in <module>
    sys.exit(main())
             ~~~~^^
  File "/Users/apple/git-mastery/tools/video_slides.py", line 428, in main
    res = shoot([j for v in batch for j in plans[v][1]], nproc)
  File "/Users/apple/git-mastery/tools/video_slides.py", line 344, in shoot
    subprocess.run([CHROME, "--headless=new", "--disable-gpu", "--hide-scrollbars", "--force-device-scale-factor=1",
    ~~~~~~~~~~~~~~^^^^^^^^^^^^^^^^^^^^^^^^^^^^^^^^^^^^^^^^^^^^^^^^^^^^^^^^^^^^^^^^^^^^^^^^^^^^^^^^^^^^^^^^^^^^^^^^^^
                    f"--window-size={W},{H}", f"--screenshot={p}", pathlib.Path(h).as_uri()], capture_output=True, timeout=120)
                    ^^^^^^^^^^^^^^^^^^^^^^^^^^^^^^^^^^^^^^^^^^^^^^^^^^^^^^^^^^^^^^^^^^^^^^^^^^^^^^^^^^^^^^^^^^^^^^^^^^^^^^^^^^^
  File "/opt/homebrew/Cellar/python@3.14/3.14.6/Frameworks/Python.framework/Versions/3.14/lib/python3.14/subprocess.py", line 557, in run
    stdout, stderr = process.communicate(input, timeout=timeout)
                     ~~~~~~~~~~~~~~~~~~~^^^^^^^^^^^^^^^^^^^^^^^^
  File "/opt/homebrew/Cellar/python@3.14/3.14.6/Frameworks/Python.framework/Versions/3.14/lib/python3.14/subprocess.py", line 1221, in communicate
    stdout, stderr = self._communicate(input, endtime, timeout)
                     ~~~~~~~~~~~~~~~~~^^^^^^^^^^^^^^^^^^^^^^^^^
  File "/opt/homebrew/Cellar/python@3.14/3.14.6/Frameworks/Python.framework/Versions/3.14/lib/python3.14/subprocess.py", line 2154, in _communicate
    self._check_timeout(endtime, orig_timeout, stdout, stderr)
    ~~~~~~~~~~~~~~~~~~~^^^^^^^^^^^^^^^^^^^^^^^^^^^^^^^^^^^^^^^
  File "/opt/homebrew/Cellar/python@3.14/3.14.6/Frameworks/Python.framework/Versions/3.14/lib/python3.14/subprocess.py", line 1268, in _check_timeout
    raise TimeoutExpired(
    ...<2 lines>...
            stderr=b''.join(stderr_seq) if stderr_seq else None)
subprocess.TimeoutExpired: Command '['/Applications/Google Chrome.app/Contents/MacOS/Google Chrome', '--headless=new', '--disable-gpu', '--hide-scrollbars', '--force-device-scale-factor=1', '--window-size=1920,1080', '--screenshot=/Users/apple/git-mastery/video/production/slides/V134/004.png', 'file:///Users/apple/git-mastery/video/production/.cache/html/V134/004.html']' timed out after 120 seconds
V134: 135 clips, 135 rendered (5235 frames) in 725 s, 32.2 MB
12:54:02 V135 start
V135: 102 beats, 94 slides, est 18:59
storyboards: 1 written, 0 up to date, 0 failed
V135: 128 clips, 128 rendered (4585 frames) in 178 s, 28.4 MB
12:57:13 V136 start
V136: 108 beats, 95 slides, est 21:32
storyboards: 1 written, 0 up to date, 0 failed
V136: 132 clips, 132 rendered (4932 frames) in 128 s, 32.2 MB
12:59:37 V137 start
V137: 110 beats, 98 slides, est 18:31
storyboards: 1 written, 0 up to date, 0 failed
V137: 129 clips, 129 rendered (5302 frames) in 217 s, 29.1 MB
13:03:24 V138 start
V138: 118 beats, 103 slides, est 20:06
storyboards: 1 written, 0 up to date, 0 failed
V138: 131 clips, 131 rendered (6178 frames) in 288 s, 34.8 MB
13:08:34 V139 start
V139: 92 beats, 85 slides, est 18:43
storyboards: 1 written, 0 up to date, 0 failed
V139: 115 clips, 115 rendered (3539 frames) in 89 s, 24.5 MB
13:10:12 V140 start
V140: 124 beats, 113 slides, est 23:14
storyboards: 1 written, 0 up to date, 0 failed
V140: 152 clips, 152 rendered (5847 frames) in 125 s, 33.8 MB
13:12:28 V141 start
V141: 76 beats, 70 slides, est 11:30
storyboards: 1 written, 0 up to date, 0 failed
V141: 92 clips, 92 rendered (3151 frames) in 68 s, 19.8 MB
13:13:44 V142 start
V142: 119 beats, 109 slides, est 20:41
storyboards: 1 written, 0 up to date, 0 failed
V142: 130 clips, 130 rendered (4357 frames) in 313 s, 28.4 MB
13:19:08 V143 start
V143: 119 beats, 111 slides, est 23:15
storyboards: 1 written, 0 up to date, 0 failed
V143: 131 clips, 131 rendered (4466 frames) in 286 s, 30.8 MB
13:26:22 V144 start
V144: 99 beats, 93 slides, est 16:27
storyboards: 1 written, 0 up to date, 0 failed
V144: 110 clips, 110 rendered (3526 frames) in 93 s, 22.2 MB
13:28:07 V145 start
V145: 125 beats, 113 slides, est 20:06
storyboards: 1 written, 0 up to date, 0 failed
V145: 138 clips, 138 rendered (5761 frames) in 351 s, 33.7 MB
13:34:08 V146 start
V146: 125 beats, 118 slides, est 21:34
storyboards: 1 written, 0 up to date, 0 failed
V146: 151 clips, 151 rendered (5493 frames) in 154 s, 36.2 MB
13:37:36 V147 start
V147: 121 beats, 108 slides, est 22:32
storyboards: 1 written, 0 up to date, 0 failed
V147: 144 clips, 144 rendered (5445 frames) in 112 s, 33.3 MB
13:39:45 V148 start
V148: 113 beats, 103 slides, est 23:13
storyboards: 1 written, 0 up to date, 0 failed
V148: 138 clips, 138 rendered (4637 frames) in 93 s, 31.4 MB
13:41:26 V149 start
V149: 131 beats, 119 slides, est 24:45
storyboards: 1 written, 0 up to date, 0 failed
V149: 151 clips, 151 rendered (6252 frames) in 158 s, 38.1 MB
13:44:12 V150 start
V150: 122 beats, 107 slides, est 21:27
storyboards: 1 written, 0 up to date, 0 failed
V150: 139 clips, 139 rendered (4557 frames) in 125 s, 32.4 MB
13:46:28 V151 start
V151: 99 beats, 88 slides, est 16:56
storyboards: 1 written, 0 up to date, 0 failed
V151: 104 clips, 104 rendered (3960 frames) in 74 s, 25.0 MB
13:47:50 V152 start
V152: 127 beats, 114 slides, est 22:46
storyboards: 1 written, 0 up to date, 0 failed
V152: 139 clips, 139 rendered (5139 frames) in 95 s, 32.0 MB
13:49:34 V153 start
V153: 121 beats, 108 slides, est 19:26
storyboards: 1 written, 0 up to date, 0 failed
V153: 126 clips, 126 rendered (5321 frames) in 93 s, 30.8 MB
13:51:15 V154 start
V154: 111 beats, 92 slides, est 21:48
storyboards: 1 written, 0 up to date, 0 failed
V154: 127 clips, 127 rendered (4861 frames) in 92 s, 28.8 MB
13:52:54 V155 start
V155: 74 beats, 65 slides, est 11:10
storyboards: 1 written, 0 up to date, 0 failed
V155: 92 clips, 92 rendered (3073 frames) in 59 s, 19.4 MB
13:53:59 V156 start
V156: 114 beats, 105 slides, est 21:22
storyboards: 1 written, 0 up to date, 0 failed
V156: 148 clips, 148 rendered (4896 frames) in 91 s, 35.3 MB
13:55:37 V157 start
V157: 108 beats, 100 slides, est 22:03
storyboards: 1 written, 0 up to date, 0 failed
V157: 127 clips, 127 rendered (4019 frames) in 79 s, 32.8 MB
13:57:05 V158 start
V158: 100 beats, 90 slides, est 18:14
storyboards: 1 written, 0 up to date, 0 failed
V158: 122 clips, 122 rendered (4091 frames) in 80 s, 29.6 MB
13:58:32 V159 start
V159: 106 beats, 96 slides, est 18:55
storyboards: 1 written, 0 up to date, 0 failed
V159: 120 clips, 120 rendered (3988 frames) in 76 s, 29.2 MB
13:59:57 V160 start
V160: 120 beats, 111 slides, est 25:06
storyboards: 1 written, 0 up to date, 0 failed
V160: 141 clips, 141 rendered (4983 frames) in 104 s, 36.3 MB
14:01:49 V161 start
V161: 134 beats, 128 slides, est 25:24
storyboards: 1 written, 0 up to date, 0 failed
V161: 155 clips, 155 rendered (5113 frames) in 101 s, 41.3 MB
14:03:40 V162 start
V162: 131 beats, 122 slides, est 19:38
storyboards: 1 written, 0 up to date, 0 failed
V162: 141 clips, 141 rendered (4437 frames) in 81 s, 37.6 MB
14:05:11 V163 start
V163: 112 beats, 103 slides, est 20:49
storyboards: 1 written, 0 up to date, 0 failed
V163: 120 clips, 120 rendered (5141 frames) in 86 s, 32.5 MB
14:06:44 V164 start
V164: 123 beats, 115 slides, est 22:08
storyboards: 1 written, 0 up to date, 0 failed
V164: 147 clips, 147 rendered (5510 frames) in 130 s, 37.8 MB
14:09:02 V165 start
V165: 131 beats, 117 slides, est 24:50
storyboards: 1 written, 0 up to date, 0 failed
V165: 130 clips, 130 rendered (5193 frames) in 295 s, 35.0 MB
14:14:30 V166 start
V166: 131 beats, 123 slides, est 22:45
storyboards: 1 written, 0 up to date, 0 failed
V166: 155 clips, 155 rendered (4805 frames) in 133 s, 36.7 MB
14:16:56 V167 start
V167: 118 beats, 107 slides, est 24:23
storyboards: 1 written, 0 up to date, 0 failed
V167: 146 clips, 146 rendered (6719 frames) in 169 s, 40.2 MB
14:19:57 V168 start
V168: 104 beats, 97 slides, est 21:22
storyboards: 1 written, 0 up to date, 0 failed
V168: 135 clips, 135 rendered (6807 frames) in 133 s, 41.6 MB
14:22:19 V169 start
V169: 69 beats, 65 slides, est 11:33
storyboards: 1 written, 0 up to date, 0 failed
V169: 99 clips, 99 rendered (3341 frames) in 61 s, 21.3 MB
14:23:27 V170 start
V170: 116 beats, 103 slides, est 22:17
storyboards: 1 written, 0 up to date, 0 failed
V170: 144 clips, 144 rendered (5976 frames) in 322 s, 38.9 MB
14:28:57 V171 start
V171: 107 beats, 92 slides, est 21:03
storyboards: 1 written, 0 up to date, 0 failed
V171: 112 clips, 112 rendered (4655 frames) in 86 s, 32.1 MB
14:30:31 V172 start
V172: 112 beats, 104 slides, est 20:19
storyboards: 1 written, 0 up to date, 0 failed
V172: 129 clips, 129 rendered (6234 frames) in 111 s, 38.4 MB
14:32:31 V173 start
V173: 96 beats, 88 slides, est 19:43
storyboards: 1 written, 0 up to date, 0 failed
V173: 112 clips, 112 rendered (3657 frames) in 67 s, 30.0 MB
14:33:44 V174 start
V174: 118 beats, 107 slides, est 20:14
storyboards: 1 written, 0 up to date, 0 failed
V174: 149 clips, 149 rendered (6045 frames) in 109 s, 39.1 MB
14:35:42 V175 start
V175: 122 beats, 113 slides, est 22:05
storyboards: 1 written, 0 up to date, 0 failed
V175: 146 clips, 146 rendered (6231 frames) in 112 s, 39.7 MB
14:37:43 V176 start
V176: 127 beats, 116 slides, est 22:44
storyboards: 1 written, 0 up to date, 0 failed
V176: 138 clips, 138 rendered (6009 frames) in 146 s, 38.6 MB
14:40:18 V177 start
V177: 120 beats, 106 slides, est 21:21
storyboards: 1 written, 0 up to date, 0 failed
V177: 126 clips, 126 rendered (5589 frames) in 101 s, 34.6 MB
14:42:08 V178 start
V178: 111 beats, 98 slides, est 23:51
storyboards: 1 written, 0 up to date, 0 failed
V178: 111 clips, 111 rendered (3672 frames) in 67 s, 31.4 MB
14:43:22 V179 start
V179: 85 beats, 74 slides, est 15:10
storyboards: 1 written, 0 up to date, 0 failed
V179: 109 clips, 109 rendered (3605 frames) in 69 s, 23.9 MB
14:44:39 V180 start
V180: 118 beats, 108 slides, est 20:48
storyboards: 1 written, 0 up to date, 0 failed
V180: 141 clips, 141 rendered (5977 frames) in 122 s, 39.6 MB
14:46:48 V181 start
V181: 106 beats, 94 slides, est 18:21
storyboards: 1 written, 0 up to date, 0 failed
V181: 137 clips, 137 rendered (5456 frames) in 103 s, 35.0 MB
14:48:40 V182 start
V182: 114 beats, 104 slides, est 18:49
storyboards: 1 written, 0 up to date, 0 failed
V182: 130 clips, 130 rendered (5045 frames) in 101 s, 32.9 MB
14:50:30 V183 start
V183: 106 beats, 100 slides, est 18:35
storyboards: 1 written, 0 up to date, 0 failed
V183: 134 clips, 134 rendered (5378 frames) in 88 s, 34.5 MB
14:52:06 V184 start
V184: 103 beats, 96 slides, est 19:37
storyboards: 1 written, 0 up to date, 0 failed
V184: 141 clips, 141 rendered (4985 frames) in 175 s, 38.0 MB
14:55:08 V185 start
V185: 88 beats, 81 slides, est 16:35
storyboards: 1 written, 0 up to date, 0 failed
V185: 118 clips, 118 rendered (3600 frames) in 96 s, 25.8 MB
14:57:06 V186 start
V186: 110 beats, 98 slides, est 19:33
storyboards: 1 written, 0 up to date, 0 failed
V186: 137 clips, 137 rendered (5932 frames) in 90 s, 36.7 MB
14:58:43 V187 start
V187: 118 beats, 107 slides, est 19:45
storyboards: 1 written, 0 up to date, 0 failed
V187: 144 clips, 144 rendered (6105 frames) in 136 s, 37.4 MB
15:01:06 V188 start
V188: 113 beats, 99 slides, est 19:40
storyboards: 1 written, 0 up to date, 0 failed
V188: 137 clips, 137 rendered (5861 frames) in 178 s, 36.7 MB
15:04:27 V189 start
V189: 125 beats, 112 slides, est 23:08
storyboards: 1 written, 0 up to date, 0 failed
V189: 162 clips, 162 rendered (6458 frames) in 104 s, 39.9 MB
15:06:19 V190 start
V190: 98 beats, 87 slides, est 17:11
storyboards: 1 written, 0 up to date, 0 failed
V190: 121 clips, 121 rendered (4899 frames) in 77 s, 31.5 MB
15:07:42 V191 start
V191: 99 beats, 90 slides, est 18:16
storyboards: 1 written, 0 up to date, 0 failed
V191: 128 clips, 128 rendered (4843 frames) in 76 s, 33.5 MB
15:09:04 V192 start
V192: 115 beats, 100 slides, est 22:01
storyboards: 1 written, 0 up to date, 0 failed
V192: 124 clips, 124 rendered (5317 frames) in 86 s, 30.8 MB
15:10:36 V193 start
V193: 93 beats, 85 slides, est 18:42
storyboards: 1 written, 0 up to date, 0 failed
V193: 129 clips, 129 rendered (4041 frames) in 67 s, 30.9 MB
15:11:49 V194 start
V194: 76 beats, 66 slides, est 13:06
storyboards: 1 written, 0 up to date, 0 failed
V194: 94 clips, 94 rendered (3094 frames) in 50 s, 20.8 MB
15:12:45 V195 start
V195: 99 beats, 87 slides, est 18:44
storyboards: 1 written, 0 up to date, 0 failed
V195: 129 clips, 129 rendered (4597 frames) in 165 s, 30.9 MB
15:15:36 V196 start
V196: 84 beats, 75 slides, est 14:35
storyboards: 1 written, 0 up to date, 0 failed
V196: 102 clips, 102 rendered (3070 frames) in 52 s, 21.4 MB
15:16:44 V197 start
V197: 94 beats, 86 slides, est 19:37
storyboards: 1 written, 0 up to date, 0 failed
V197: 120 clips, 120 rendered (4089 frames) in 73 s, 29.1 MB
15:18:04 V198 start
V198: 109 beats, 99 slides, est 22:17
storyboards: 1 written, 0 up to date, 0 failed
V198: 138 clips, 138 rendered (5473 frames) in 191 s, 35.1 MB
15:21:24 V199 start
V199: 116 beats, 105 slides, est 22:15
storyboards: 1 written, 0 up to date, 0 failed
V199: 164 clips, 164 rendered (6370 frames) in 134 s, 40.3 MB
15:24:04 V200 start
V200: 125 beats, 115 slides, est 21:54
storyboards: 1 written, 0 up to date, 0 failed
V200: 155 clips, 155 rendered (6578 frames) in 116 s, 38.8 MB
15:26:08 V201 start
V201: 111 beats, 106 slides, est 23:05
storyboards: 1 written, 0 up to date, 0 failed
V201: 161 clips, 161 rendered (6281 frames) in 115 s, 37.7 MB
15:28:12 render finished
