08:10:47 V001 start
V001: V001.mp4  18:53  90.1 MB  1920x1080 30/1 fps h264/aac  video 1132.695 s, audio 1132.700 s  faststart=yes  animated  OK  (built in 1588 s)
drafts: 1 built, 0 up to date, 0 with problems
08:37:15 V002 start
V002: V002.mp4  19:05  83.7 MB  1920x1080 30/1 fps h264/aac  video 1145.162 s, audio 1145.167 s  faststart=yes  animated  OK  (built in 1825 s)
drafts: 1 built, 0 up to date, 0 with problems
09:07:40 V003 start
V003: V003.mp4  15:56  69.2 MB  1920x1080 30/1 fps h264/aac  video 956.495 s, audio 956.500 s  faststart=yes  animated  OK  (built in 1563 s)
drafts: 1 built, 0 up to date, 0 with problems
09:33:43 V004 start
V004: FAILED: say failed: no two attempts agreed in length: 7.72, 4.50, 5.96, 10.43, 4.68, 6.17, 9.62, 5.75
drafts: 0 built, 0 up to date, 1 with problems
10:31:04 V005 start
V005: V005.mp4  15:14  66.8 MB  1920x1080 30/1 fps h264/aac  video 914.229 s, audio 914.233 s  faststart=yes  animated  OK  (built in 1854 s)
drafts: 1 built, 0 up to date, 0 with problems
11:01:59 V006 start
V006: V006.mp4  15:17  67.8 MB  1920x1080 30/1 fps h264/aac  video 917.131 s, audio 917.133 s  faststart=yes  animated  OK  (built in 2542 s)
drafts: 1 built, 0 up to date, 0 with problems
11:44:22 V007 start
      (a part of: 'an abbreviation is unique only in one repository at one time, and can become ambiguous as the repository grows; write all 40 digits.')
drafts: 0 built, 0 up to date, 1 with problems
