https://github.com/harshaksh-singh/git-github-mastery/releases/tag/videos-batch-05
02:08:53 uploaded V134.mp4
02:08:54 uploaded V134.srt
02:08:56 uploaded V134.chapters.txt
02:09:15 uploaded V135.mp4
02:09:17 uploaded V135.srt
02:09:18 uploaded V135.chapters.txt
02:09:42 uploaded V136.mp4
02:09:44 uploaded V136.srt
02:09:45 uploaded V136.chapters.txt
02:10:04 uploaded V137.mp4
02:10:06 uploaded V137.srt
02:10:07 uploaded V137.chapters.txt
02:10:29 uploaded V138.mp4
02:10:31 uploaded V138.srt
02:10:32 uploaded V138.chapters.txt
02:10:51 uploaded V139.mp4
02:10:52 uploaded V139.srt
02:10:54 uploaded V139.chapters.txt
02:11:17 uploaded V140.mp4
02:11:19 uploaded V140.srt
02:11:20 uploaded V140.chapters.txt
02:11:33 uploaded V141.mp4
02:11:35 uploaded V141.srt
02:11:37 uploaded V141.chapters.txt
02:11:57 uploaded V142.mp4
02:11:58 uploaded V142.srt
02:12:00 uploaded V142.chapters.txt
02:12:24 uploaded V143.mp4
02:12:26 uploaded V143.srt
02:12:27 uploaded V143.chapters.txt
02:12:44 uploaded V144.mp4
02:12:46 uploaded V144.srt
02:12:47 uploaded V144.chapters.txt
02:13:09 uploaded V145.mp4
02:13:10 uploaded V145.srt
02:13:12 uploaded V145.chapters.txt
02:13:34 uploaded V146.mp4
02:13:36 uploaded V146.srt
02:13:38 uploaded V146.chapters.txt
02:14:01 uploaded V147.mp4
02:14:03 uploaded V147.srt
02:14:04 uploaded V147.chapters.txt
02:14:31 uploaded V148.mp4
02:14:33 uploaded V148.srt
02:14:35 uploaded V148.chapters.txt
02:15:03 uploaded V149.mp4
02:15:05 uploaded V149.srt
02:15:06 uploaded V149.chapters.txt
02:15:29 uploaded V150.mp4
02:15:30 uploaded V150.srt
02:15:32 uploaded V150.chapters.txt
02:15:51 uploaded V151.mp4
02:15:53 uploaded V151.srt
02:15:54 uploaded V151.chapters.txt
02:16:20 uploaded V152.mp4
02:16:22 uploaded V152.srt
02:16:23 uploaded V152.chapters.txt
02:16:45 uploaded V153.mp4
02:16:47 uploaded V153.srt
02:16:48 uploaded V153.chapters.txt
02:17:10 uploaded V154.mp4
02:17:12 uploaded V154.srt
02:17:13 uploaded V154.chapters.txt
02:17:25 uploaded V155.mp4
02:17:26 uploaded V155.srt
02:17:28 uploaded V155.chapters.txt
02:17:28 upload finished
