https://github.com/harshaksh-singh/git-github-mastery/releases/tag/videos-batch-04
15:45:45 uploaded V100.mp4
15:45:47 uploaded V100.srt
15:45:49 uploaded V100.chapters.txt
15:45:56 uploaded V101.mp4
15:45:57 uploaded V101.srt
15:45:59 uploaded V101.chapters.txt
15:46:07 uploaded V102.mp4
15:46:09 uploaded V102.srt
15:46:11 uploaded V102.chapters.txt
15:46:22 uploaded V103.mp4
15:46:24 uploaded V103.srt
15:46:25 uploaded V103.chapters.txt
15:46:35 uploaded V104.mp4
15:46:37 uploaded V104.srt
15:46:38 uploaded V104.chapters.txt
15:46:54 uploaded V105.mp4
15:46:56 uploaded V105.srt
15:46:58 uploaded V105.chapters.txt
15:47:06 uploaded V106.mp4
15:47:07 uploaded V106.srt
15:47:09 uploaded V106.chapters.txt
15:47:17 uploaded V107.mp4
15:47:19 uploaded V107.srt
15:47:20 uploaded V107.chapters.txt
15:47:43 uploaded V108.mp4
15:47:45 uploaded V108.srt
15:47:47 uploaded V108.chapters.txt
15:47:56 uploaded V109.mp4
15:47:58 uploaded V109.srt
15:48:00 uploaded V109.chapters.txt
15:48:12 uploaded V110.mp4
15:48:14 uploaded V110.srt
15:48:15 uploaded V110.chapters.txt
15:48:23 uploaded V111.mp4
15:48:25 uploaded V111.srt
15:48:26 uploaded V111.chapters.txt
15:48:26 upload finished
19:44:01 uploaded V112.mp4
19:44:03 uploaded V112.srt
19:44:04 uploaded V112.chapters.txt
19:44:15 uploaded V113.mp4
19:44:16 uploaded V113.srt
19:44:19 uploaded V113.chapters.txt
19:44:25 uploaded V114.mp4
19:44:27 uploaded V114.srt
19:44:28 uploaded V114.chapters.txt
19:44:37 uploaded V115.mp4
19:44:39 uploaded V115.srt
19:44:41 uploaded V115.chapters.txt
19:44:50 uploaded V116.mp4
19:44:51 uploaded V116.srt
19:44:53 uploaded V116.chapters.txt
19:45:04 uploaded V117.mp4
19:45:05 uploaded V117.srt
19:45:07 uploaded V117.chapters.txt
19:45:17 uploaded V118.mp4
19:45:19 uploaded V118.srt
19:45:21 uploaded V118.chapters.txt
19:45:31 uploaded V119.mp4
19:45:33 uploaded V119.srt
19:45:35 uploaded V119.chapters.txt
19:45:44 uploaded V120.mp4
19:45:46 uploaded V120.srt
19:45:48 uploaded V120.chapters.txt
19:46:00 uploaded V121.mp4
19:46:02 uploaded V121.srt
19:46:04 uploaded V121.chapters.txt
19:46:13 uploaded V122.mp4
19:46:16 uploaded V122.srt
19:46:17 uploaded V122.chapters.txt
19:46:29 uploaded V123.mp4
19:46:31 uploaded V123.srt
19:46:34 uploaded V123.chapters.txt
19:46:44 uploaded V124.mp4
19:46:46 uploaded V124.srt
19:46:48 uploaded V124.chapters.txt
19:47:12 uploaded V125.mp4
19:47:14 uploaded V125.srt
19:47:16 uploaded V125.chapters.txt
19:47:25 uploaded V126.mp4
19:47:26 uploaded V126.srt
19:47:28 uploaded V126.chapters.txt
19:47:38 uploaded V127.mp4
19:47:40 uploaded V127.srt
19:47:42 uploaded V127.chapters.txt
19:47:52 uploaded V128.mp4
19:47:55 uploaded V128.srt
19:47:57 uploaded V128.chapters.txt
19:48:06 uploaded V129.mp4
19:48:08 uploaded V129.srt
19:48:10 uploaded V129.chapters.txt
19:48:17 uploaded V130.mp4
19:48:19 uploaded V130.srt
19:48:21 uploaded V130.chapters.txt
19:48:30 uploaded V131.mp4
19:48:32 uploaded V131.srt
19:48:34 uploaded V131.chapters.txt
19:48:44 uploaded V132.mp4
19:48:46 uploaded V132.srt
19:48:48 uploaded V132.chapters.txt
19:49:00 uploaded V133.mp4
19:49:02 uploaded V133.srt
19:49:05 uploaded V133.chapters.txt
19:49:05 upload finished
