https://github.com/harshaksh-singh/git-github-mastery/releases/tag/videos-batch-03
21:37:53 uploaded V067.mp4
21:37:54 uploaded V067.srt
21:37:56 uploaded V067.chapters.txt
21:38:02 uploaded V068.mp4
21:38:03 uploaded V068.srt
21:38:05 uploaded V068.chapters.txt
21:38:13 uploaded V069.mp4
21:38:14 uploaded V069.srt
21:38:16 uploaded V069.chapters.txt
21:38:23 uploaded V070.mp4
21:38:24 uploaded V070.srt
21:38:26 uploaded V070.chapters.txt
21:38:31 uploaded V071.mp4
21:38:33 uploaded V071.srt
21:38:34 uploaded V071.chapters.txt
21:38:41 uploaded V072.mp4
21:38:42 uploaded V072.srt
21:38:44 uploaded V072.chapters.txt
21:38:50 uploaded V073.mp4
21:38:51 uploaded V073.srt
21:38:53 uploaded V073.chapters.txt
21:39:01 uploaded V074.mp4
21:39:02 uploaded V074.srt
21:39:04 uploaded V074.chapters.txt
21:39:10 uploaded V075.mp4
21:39:12 uploaded V075.srt
21:39:13 uploaded V075.chapters.txt
21:39:19 uploaded V076.mp4
21:39:21 uploaded V076.srt
21:39:23 uploaded V076.chapters.txt
21:39:28 uploaded V077.mp4
21:39:30 uploaded V077.srt
21:39:31 uploaded V077.chapters.txt
21:39:38 uploaded V078.mp4
21:39:39 uploaded V078.srt
21:39:41 uploaded V078.chapters.txt
21:39:47 uploaded V079.mp4
21:39:49 uploaded V079.srt
21:39:50 uploaded V079.chapters.txt
21:40:07 uploaded V080.mp4
21:40:09 uploaded V080.srt
21:40:11 uploaded V080.chapters.txt
21:40:17 uploaded V081.mp4
21:40:18 uploaded V081.srt
21:40:19 uploaded V081.chapters.txt
21:40:26 uploaded V082.mp4
21:40:28 uploaded V082.srt
21:40:30 uploaded V082.chapters.txt
21:40:36 uploaded V083.mp4
21:40:38 uploaded V083.srt
21:40:39 uploaded V083.chapters.txt
21:40:45 uploaded V084.mp4
21:40:47 uploaded V084.srt
21:40:48 uploaded V084.chapters.txt
21:40:55 uploaded V085.mp4
21:40:56 uploaded V085.srt
21:40:58 uploaded V085.chapters.txt
21:41:04 uploaded V086.mp4
21:41:06 uploaded V086.srt
21:41:07 uploaded V086.chapters.txt
21:41:14 uploaded V087.mp4
21:41:15 uploaded V087.srt
21:41:17 uploaded V087.chapters.txt
21:41:25 uploaded V088.mp4
error connecting to api.github.com
check your internet connection or https://githubstatus.com
21:41:25 FAILED V088.srt
error connecting to api.github.com
check your internet connection or https://githubstatus.com
21:41:25 FAILED V088.chapters.txt
21:41:25 upload finished
22:21:09 uploaded V087.mp4
22:21:11 uploaded V087.srt
22:21:13 uploaded V087.chapters.txt
22:21:32 uploaded V088.mp4
22:21:34 uploaded V088.srt
22:21:35 uploaded V088.chapters.txt
22:21:35 upload finished
