https://github.com/harshaksh-singh/git-github-mastery/releases/tag/videos-batch-06
08:03:39 uploaded V167.mp4
08:03:40 uploaded V167.srt
08:03:41 uploaded V167.chapters.txt
08:04:03 uploaded V168.mp4
08:04:04 uploaded V168.srt
08:04:06 uploaded V168.chapters.txt
08:04:19 uploaded V169.mp4
08:04:21 uploaded V169.srt
08:04:22 uploaded V169.chapters.txt
08:04:44 uploaded V170.mp4
08:04:46 uploaded V170.srt
08:04:47 uploaded V170.chapters.txt
08:05:08 uploaded V171.mp4
08:05:10 uploaded V171.srt
08:05:11 uploaded V171.chapters.txt
08:05:33 uploaded V172.mp4
08:05:35 uploaded V172.srt
08:05:36 uploaded V172.chapters.txt
08:05:56 uploaded V173.mp4
08:05:58 uploaded V173.srt
08:06:00 uploaded V173.chapters.txt
08:06:22 uploaded V174.mp4
08:06:24 uploaded V174.srt
08:06:26 uploaded V174.chapters.txt
08:06:49 uploaded V175.mp4
08:06:51 uploaded V175.srt
08:06:52 uploaded V175.chapters.txt
08:07:16 uploaded V176.mp4
08:07:17 uploaded V176.srt
08:07:19 uploaded V176.chapters.txt
08:07:43 uploaded V177.mp4
08:07:44 uploaded V177.srt
08:07:46 uploaded V177.chapters.txt
08:08:12 uploaded V178.mp4
08:08:14 uploaded V178.srt
08:08:15 uploaded V178.chapters.txt
08:08:15 upload finished
