https://github.com/harshaksh-singh/git-github-mastery/releases/tag/videos-batch-02
06:04:25 uploaded V034.mp4
06:04:26 uploaded V034.srt
06:04:29 uploaded V034.chapters.txt
06:04:50 uploaded V035.mp4
06:04:52 uploaded V035.srt
06:04:53 uploaded V035.chapters.txt
06:05:11 uploaded V036.mp4
06:05:13 uploaded V036.srt
06:05:15 uploaded V036.chapters.txt
06:05:36 uploaded V037.mp4
06:05:37 uploaded V037.srt
06:05:38 uploaded V037.chapters.txt
06:05:59 uploaded V038.mp4
06:06:00 uploaded V038.srt
06:06:02 uploaded V038.chapters.txt
06:06:20 uploaded V039.mp4
06:06:22 uploaded V039.srt
06:06:23 uploaded V039.chapters.txt
06:06:43 uploaded V040.mp4
06:06:45 uploaded V040.srt
06:06:48 uploaded V040.chapters.txt
06:07:09 uploaded V041.mp4
06:07:11 uploaded V041.srt
06:07:12 uploaded V041.chapters.txt
06:07:32 uploaded V042.mp4
06:07:34 uploaded V042.srt
06:07:36 uploaded V042.chapters.txt
06:07:56 uploaded V043.mp4
06:07:57 uploaded V043.srt
06:07:58 uploaded V043.chapters.txt
06:08:18 uploaded V044.mp4
06:08:20 uploaded V044.srt
06:08:21 uploaded V044.chapters.txt
06:08:34 uploaded V045.mp4
06:08:35 uploaded V045.srt
06:08:37 uploaded V045.chapters.txt
06:08:51 uploaded V046.mp4
06:08:53 uploaded V046.srt
06:08:54 uploaded V046.chapters.txt
06:09:17 uploaded V047.mp4
06:09:19 uploaded V047.srt
06:09:20 uploaded V047.chapters.txt
06:09:37 uploaded V048.mp4
06:09:41 uploaded V048.srt
06:09:42 uploaded V048.chapters.txt
06:10:00 uploaded V049.mp4
06:10:01 uploaded V049.srt
06:10:03 uploaded V049.chapters.txt
06:10:21 uploaded V050.mp4
06:10:23 uploaded V050.srt
06:10:24 uploaded V050.chapters.txt
06:10:39 uploaded V051.mp4
06:10:41 uploaded V051.srt
06:10:42 uploaded V051.chapters.txt
06:11:01 uploaded V052.mp4
06:11:03 uploaded V052.srt
06:11:05 uploaded V052.chapters.txt
06:11:22 uploaded V053.mp4
06:11:24 uploaded V053.srt
06:11:27 uploaded V053.chapters.txt
06:11:44 uploaded V054.mp4
06:11:46 uploaded V054.srt
06:11:48 uploaded V054.chapters.txt
06:12:07 uploaded V055.mp4
06:12:09 uploaded V055.srt
06:12:11 uploaded V055.chapters.txt
06:12:34 uploaded V056.mp4
06:12:35 uploaded V056.srt
06:12:36 uploaded V056.chapters.txt
06:12:57 uploaded V057.mp4
06:13:00 uploaded V057.srt
06:13:02 uploaded V057.chapters.txt
06:13:18 uploaded V058.mp4
06:13:19 uploaded V058.srt
06:13:21 uploaded V058.chapters.txt
06:13:41 uploaded V059.mp4
06:13:43 uploaded V059.srt
06:13:44 uploaded V059.chapters.txt
06:14:08 uploaded V060.mp4
06:14:10 uploaded V060.srt
06:14:11 uploaded V060.chapters.txt
06:14:29 uploaded V061.mp4
06:14:31 uploaded V061.srt
06:14:32 uploaded V061.chapters.txt
06:14:53 uploaded V062.mp4
06:14:55 uploaded V062.srt
06:14:58 uploaded V062.chapters.txt
06:15:17 uploaded V063.mp4
06:15:19 uploaded V063.srt
06:15:22 uploaded V063.chapters.txt
06:15:46 uploaded V064.mp4
06:15:50 uploaded V064.srt
06:15:56 uploaded V064.chapters.txt
06:16:13 uploaded V065.mp4
06:16:23 uploaded V065.srt
06:16:29 uploaded V065.chapters.txt
06:16:50 uploaded V066.mp4
06:16:53 uploaded V066.srt
06:16:56 uploaded V066.chapters.txt
06:16:56 upload finished
