https://github.com/harshaksh-singh/git-github-mastery/releases/tag/videos-batch-01
00:06:42 uploaded V001.mp4
00:06:45 uploaded V001.srt
00:06:47 uploaded V001.chapters.txt
00:07:10 uploaded V002.mp4
00:07:12 uploaded V002.srt
00:07:13 uploaded V002.chapters.txt
00:07:33 uploaded V003.mp4
00:07:35 uploaded V003.srt
00:07:37 uploaded V003.chapters.txt
00:07:53 uploaded V004.mp4
00:07:54 uploaded V004.srt
00:07:56 uploaded V004.chapters.txt
00:08:14 uploaded V005.mp4
00:08:16 uploaded V005.srt
00:08:18 uploaded V005.chapters.txt
00:08:41 uploaded V006.mp4
00:08:42 uploaded V006.srt
00:08:45 uploaded V006.chapters.txt
00:09:06 uploaded V007.mp4
00:09:10 uploaded V007.srt
00:09:13 uploaded V007.chapters.txt
00:09:32 uploaded V008.mp4
00:09:34 uploaded V008.srt
00:09:36 uploaded V008.chapters.txt
00:09:53 uploaded V009.mp4
00:09:55 uploaded V009.srt
00:09:57 uploaded V009.chapters.txt
00:10:16 uploaded V010.mp4
00:10:18 uploaded V010.srt
00:10:20 uploaded V010.chapters.txt
00:10:41 uploaded V011.mp4
00:10:43 uploaded V011.srt
00:10:45 uploaded V011.chapters.txt
00:11:06 uploaded V012.mp4
00:11:10 uploaded V012.srt
00:11:14 uploaded V012.chapters.txt
00:11:35 uploaded V013.mp4
00:11:37 uploaded V013.srt
00:11:40 uploaded V013.chapters.txt
00:12:02 uploaded V014.mp4
00:12:05 uploaded V014.srt
00:12:08 uploaded V014.chapters.txt
00:12:26 uploaded V015.mp4
00:12:29 uploaded V015.srt
00:12:33 uploaded V015.chapters.txt
00:12:58 uploaded V016.mp4
00:13:00 uploaded V016.srt
00:13:02 uploaded V016.chapters.txt
00:13:25 uploaded V017.mp4
00:13:26 uploaded V017.srt
00:13:28 uploaded V017.chapters.txt
00:13:54 uploaded V018.mp4
00:14:03 uploaded V018.srt
00:14:09 uploaded V018.chapters.txt
00:14:36 uploaded V019.mp4
00:14:38 uploaded V019.srt
00:14:39 uploaded V019.chapters.txt
00:14:57 uploaded V020.mp4
00:14:59 uploaded V020.srt
00:15:01 uploaded V020.chapters.txt
00:15:20 uploaded V021.mp4
00:15:21 uploaded V021.srt
00:15:23 uploaded V021.chapters.txt
00:15:40 uploaded V022.mp4
00:15:41 uploaded V022.srt
00:15:43 uploaded V022.chapters.txt
00:16:01 uploaded V023.mp4
00:16:03 uploaded V023.srt
00:16:04 uploaded V023.chapters.txt
00:16:20 uploaded V024.mp4
00:16:22 uploaded V024.srt
00:16:24 uploaded V024.chapters.txt
00:16:39 uploaded V025.mp4
00:16:41 uploaded V025.srt
00:16:42 uploaded V025.chapters.txt
00:17:00 uploaded V026.mp4
00:17:02 uploaded V026.srt
00:17:04 uploaded V026.chapters.txt
00:17:25 uploaded V027.mp4
00:17:27 uploaded V027.srt
00:17:29 uploaded V027.chapters.txt
00:17:55 uploaded V028.mp4
00:17:56 uploaded V028.srt
00:17:58 uploaded V028.chapters.txt
00:18:13 uploaded V029.mp4
00:18:14 uploaded V029.srt
00:18:16 uploaded V029.chapters.txt
00:18:33 uploaded V030.mp4
00:18:35 uploaded V030.srt
00:18:38 uploaded V030.chapters.txt
00:18:58 uploaded V031.mp4
00:19:01 uploaded V031.srt
00:19:04 uploaded V031.chapters.txt
00:19:23 uploaded V032.mp4
00:19:25 uploaded V032.srt
00:19:27 uploaded V032.chapters.txt
00:19:49 uploaded V033.mp4
00:19:50 uploaded V033.srt
00:19:52 uploaded V033.chapters.txt
00:19:52 upload finished
